// Jest Snapshot v1, https://goo.gl/fbAQLP

exports[`Login should render correctly 1`] = `
<div
  className="login"
>
  <h2>
    Login
  </h2>
  <form>
    <label>
      Email:
      <input
        name="email"
        onChange={[Function]}
        type="text"
        value=""
      />
    </label>
    <br />
    <label>
      Password:
      <input
        name="password"
        onChange={[Function]}
        type="password"
        value=""
      />
    </label>
    <br />
    <button
      className="submit"
      onClick={[Function]}
    >
      Submit
    </button>
  </form>
</div>
`;
